{"code":"simulator_stopped","timestamp":"2026-05-02T10:31:21Z","source":"CoppeliaSim","message":"simulation stopped running","details":"","severity":"Error"}
{"details":"Rig connection established","timestamp":"2026-05-02T10:43:12Z","code":"simulator_started","severity":"NONE","message":"simulation started running","source":"CoppeliaSim"}
{"timestamp": "2026-05-02T10:43:27.193228Z", "source": "logic_node", "code": "UNHANDLED_EXCEPTION", "message": "Error in detection_callback", "severity": "WARN", "details": "Traceback (most recent call last):\n  File \"/home/roberta/ros2_ws/install/bridge/lib/python3.12/site-packages/bridge/logic_node.py\", line 230, in detection_callback\n    data = json.loads(msg.data)\n           ^^^^^^^^^^^^^^^^^^^^\n  File \"/usr/lib/python3.12/json/__init__.py\", line 346, in loads\n    return _default_decoder.decode(s)\n           ^^^^^^^^^^^^^^^^^^^^^^^^^^\n  File \"/usr/lib/python3.12/json/decoder.py\", line 337, in decode\n    obj, end = self.raw_decode(s, idx=_w(s, 0).end())\n               ^^^^^^^^^^^^^^^^^^^^^^^^^^^^^^^^^^^^^^\n  File \"/usr/lib/python3.12/json/decoder.py\", line 353, in raw_decode\n    obj, end = self.scan_once(s, idx)\n               ^^^^^^^^^^^^^^^^^^^^^^\njson.decoder.JSONDecodeError: Expecting ',' delimiter: line 1 column 20 (char 19)\n"}
{"details":"","timestamp":"2026-05-02T10:43:50Z","code":"simulator_stopped","severity":"Error","message":"simulation stopped running","source":"CoppeliaSim"}
{"timestamp":"2026-05-02T10:44:04Z","message":"simulation started running","code":"simulator_started","details":"Rig connection established","source":"CoppeliaSim","severity":"NONE"}
{"timestamp":"2026-05-02T10:44:14Z","message":"simulation stopped running","code":"simulator_stopped","details":"","source":"CoppeliaSim","severity":"Error"}
{"message":"simulation started running","timestamp":"2026-05-02T10:48:06Z","source":"CoppeliaSim","code":"simulator_started","severity":"NONE","details":"Rig connection established"}
{"timestamp":"2026-05-02T10:49:03Z","message":"simulation started running","source":"CoppeliaSim","code":"simulator_started","details":"Rig connection established","severity":"NONE"}
{"timestamp":"2026-05-02T10:52:09Z","source":"CoppeliaSim","details":"Rig connection established","code":"simulator_started","severity":"NONE","message":"simulation started running"}
{"timestamp":"2026-05-02T10:52:16Z","source":"CoppeliaSim","details":"","code":"simulator_stopped","severity":"Error","message":"simulation stopped running"}
{"source":"CoppeliaSim","code":"simulator_started","timestamp":"2026-05-02T10:52:31Z","details":"Rig connection established","severity":"NONE","message":"simulation started running"}
{"source":"CoppeliaSim","code":"simulator_stopped","timestamp":"2026-05-02T10:52:35Z","details":"","severity":"Error","message":"simulation stopped running"}
{"message":"simulation started running","timestamp":"2026-05-02T10:55:13Z","code":"simulator_started","details":"Rig connection established","source":"CoppeliaSim","severity":"NONE"}
{"message":"simulation stopped running","timestamp":"2026-05-02T10:55:19Z","code":"simulator_stopped","details":"","source":"CoppeliaSim","severity":"Error"}
{"source":"CoppeliaSim","details":"Rig connection established","timestamp":"2026-05-02T10:56:00Z","severity":"NONE","code":"simulator_started","message":"simulation started running"}
{"timestamp": "2026-05-02T10:56:12.244858Z", "source": "logic_node", "code": "UNHANDLED_EXCEPTION", "message": "Error in detection_callback", "severity": "WARN", "details": "Traceback (most recent call last):\n  File \"/home/roberta/ros2_ws/install/bridge/lib/python3.12/site-packages/bridge/logic_node.py\", line 230, in detection_callback\n    data = json.loads(msg.data)\n           ^^^^^^^^^^^^^^^^^^^^\n  File \"/usr/lib/python3.12/json/__init__.py\", line 346, in loads\n    return _default_decoder.decode(s)\n           ^^^^^^^^^^^^^^^^^^^^^^^^^^\n  File \"/usr/lib/python3.12/json/decoder.py\", line 337, in decode\n    obj, end = self.raw_decode(s, idx=_w(s, 0).end())\n               ^^^^^^^^^^^^^^^^^^^^^^^^^^^^^^^^^^^^^^\n  File \"/usr/lib/python3.12/json/decoder.py\", line 353, in raw_decode\n    obj, end = self.scan_once(s, idx)\n               ^^^^^^^^^^^^^^^^^^^^^^\njson.decoder.JSONDecodeError: Expecting ',' delimiter: line 1 column 20 (char 19)\n"}
{"severity":"NONE","message":"simulation started running","details":"Rig connection established","source":"CoppeliaSim","code":"simulator_started","timestamp":"2026-05-02T10:58:24Z"}
{"severity":"Error","message":"simulation stopped running","details":"","source":"CoppeliaSim","code":"simulator_stopped","timestamp":"2026-05-02T10:58:33Z"}
{"code":"simulator_started","source":"CoppeliaSim","details":"Rig connection established","severity":"NONE","timestamp":"2026-05-02T10:58:52Z","message":"simulation started running"}
{"code":"simulator_stopped","source":"CoppeliaSim","details":"","severity":"Error","timestamp":"2026-05-02T10:59:02Z","message":"simulation stopped running"}
{"severity":"NONE","details":"Rig connection established","code":"simulator_started","timestamp":"2026-05-02T10:59:42Z","message":"simulation started running","source":"CoppeliaSim"}
{"severity":"NONE","source":"CoppeliaSim","message":"simulation started running","details":"Rig connection established","code":"simulator_started","timestamp":"2026-05-02T11:03:54Z"}
{"severity":"Error","source":"CoppeliaSim","message":"simulation stopped running","details":"","code":"simulator_stopped","timestamp":"2026-05-02T11:04:03Z"}
{"message":"simulation started running","severity":"NONE","timestamp":"2026-05-02T11:04:50Z","source":"CoppeliaSim","details":"Rig connection established","code":"simulator_started"}
{"message":"simulation stopped running","severity":"Error","timestamp":"2026-05-02T11:04:57Z","source":"CoppeliaSim","details":"","code":"simulator_stopped"}
{"timestamp":"2026-05-02T11:05:24Z","details":"Rig connection established","message":"simulation started running","code":"simulator_started","severity":"NONE","source":"CoppeliaSim"}
{"source":"CoppeliaSim","details":"Rig connection established","timestamp":"2026-05-02T11:14:57Z","message":"simulation started running","severity":"NONE","code":"simulator_started"}
{"timestamp":"2026-05-02T11:22:37Z","code":"simulator_started","source":"CoppeliaSim","severity":"NONE","details":"Rig connection established","message":"simulation started running"}
{"details":"Rig connection established","severity":"NONE","source":"CoppeliaSim","code":"simulator_started","message":"simulation started running","timestamp":"2026-05-02T11:26:16Z"}
{"timestamp":"2026-05-02T11:26:27Z","code":"simulator_stopped","source":"CoppeliaSim","severity":"Error","details":"","message":"simulation stopped running"}
{"code":"simulator_started","timestamp":"2026-05-02T11:34:23Z","message":"simulation started running","details":"Rig connection established","source":"CoppeliaSim","severity":"NONE"}
{"details":"","severity":"Error","source":"CoppeliaSim","code":"simulator_stopped","message":"simulation stopped running","timestamp":"2026-05-02T11:34:43Z"}
{"code":"simulator_stopped","timestamp":"2026-05-02T11:34:48Z","message":"simulation stopped running","details":"","source":"CoppeliaSim","severity":"Error"}
{"message":"simulation started running","details":"Rig connection established","code":"simulator_started","source":"CoppeliaSim","severity":"NONE","timestamp":"2026-05-02T11:35:28Z"}
{"timestamp":"2026-05-02T11:42:30Z","message":"simulation started running","details":"Rig connection established","severity":"NONE","code":"simulator_started","source":"CoppeliaSim"}
{"message":"simulation started running","timestamp":"2026-05-02T11:50:07Z","details":"Rig connection established","source":"CoppeliaSim","code":"simulator_started","severity":"NONE"}
{"source":"CoppeliaSim","code":"simulator_started","severity":"NONE","timestamp":"2026-05-02T11:50:25Z","details":"Rig connection established","message":"simulation started running"}
{"source":"CoppeliaSim","code":"simulator_started","timestamp":"2026-05-02T11:54:00Z","message":"simulation started running","details":"Rig connection established","severity":"NONE"}
{"details":"Rig connection established","severity":"NONE","message":"simulation started running","code":"simulator_started","timestamp":"2026-05-02T11:56:31Z","source":"CoppeliaSim"}
{"message":"simulation started running","timestamp":"2026-05-04T15:24:41Z","details":"Rig connection established","source":"CoppeliaSim","severity":"NONE","code":"simulator_started"}
{"details":"Rig connection established","source":"CoppeliaSim","timestamp":"2026-05-05T11:04:39Z","code":"simulator_started","message":"simulation started running","severity":"NONE"}
{"timestamp": "2026-05-05T11:13:58.899725Z", "source": "logic_node", "code": "UNHANDLED_EXCEPTION", "message": "Error in detection_callback", "severity": "WARN", "details": "Traceback (most recent call last):\n  File \"/home/roberta/ros2_ws/install/bridge/lib/python3.12/site-packages/bridge/logic_node.py\", line 237, in detection_callback\n    contaminated = self.current_detection_state.position1.contaminated = data['position_1'].get('is_contaminated', False)\n                                                                         ~~~~^^^^^^^^^^^^^^\nKeyError: 'position_1'\n"}
{"timestamp": "2026-05-05T11:14:03.613141Z", "source": "logic_node", "code": "UNHANDLED_EXCEPTION", "message": "Error in detection_callback", "severity": "WARN", "details": "Traceback (most recent call last):\n  File \"/home/roberta/ros2_ws/install/bridge/lib/python3.12/site-packages/bridge/logic_node.py\", line 237, in detection_callback\n    contaminated = self.current_detection_state.position1.contaminated = data['position_1'].get('is_contaminated', False)\n                                                                         ~~~~^^^^^^^^^^^^^^\nKeyError: 'position_1'\n"}
{"timestamp": "2026-05-05T11:14:06.601955Z", "source": "logic_node", "code": "UNHANDLED_EXCEPTION", "message": "Error in detection_callback", "severity": "WARN", "details": "Traceback (most recent call last):\n  File \"/home/roberta/ros2_ws/install/bridge/lib/python3.12/site-packages/bridge/logic_node.py\", line 237, in detection_callback\n    contaminated = self.current_detection_state.position1.contaminated = data['position_1'].get('is_contaminated', False)\n                                                                         ~~~~^^^^^^^^^^^^^^\nKeyError: 'position_1'\n"}
{"timestamp": "2026-05-05T11:14:10.640644Z", "source": "logic_node", "code": "UNHANDLED_EXCEPTION", "message": "Error in detection_callback", "severity": "WARN", "details": "Traceback (most recent call last):\n  File \"/home/roberta/ros2_ws/install/bridge/lib/python3.12/site-packages/bridge/logic_node.py\", line 237, in detection_callback\n    contaminated = self.current_detection_state.position1.contaminated = data['position_1'].get('is_contaminated', False)\n                                                                         ~~~~^^^^^^^^^^^^^^\nKeyError: 'position_1'\n"}
{"timestamp": "2026-05-05T11:14:14.253672Z", "source": "logic_node", "code": "UNHANDLED_EXCEPTION", "message": "Error in detection_callback", "severity": "WARN", "details": "Traceback (most recent call last):\n  File \"/home/roberta/ros2_ws/install/bridge/lib/python3.12/site-packages/bridge/logic_node.py\", line 237, in detection_callback\n    contaminated = self.current_detection_state.position1.contaminated = data['position_1'].get('is_contaminated', False)\n                                                                         ~~~~^^^^^^^^^^^^^^\nKeyError: 'position_1'\n"}
{"timestamp": "2026-05-05T11:14:18.696467Z", "source": "logic_node", "code": "UNHANDLED_EXCEPTION", "message": "Error in detection_callback", "severity": "WARN", "details": "Traceback (most recent call last):\n  File \"/home/roberta/ros2_ws/install/bridge/lib/python3.12/site-packages/bridge/logic_node.py\", line 237, in detection_callback\n    contaminated = self.current_detection_state.position1.contaminated = data['position_1'].get('is_contaminated', False)\n                                                                         ~~~~^^^^^^^^^^^^^^\nKeyError: 'position_1'\n"}
{"timestamp": "2026-05-05T11:14:22.461715Z", "source": "logic_node", "code": "UNHANDLED_EXCEPTION", "message": "Error in detection_callback", "severity": "WARN", "details": "Traceback (most recent call last):\n  File \"/home/roberta/ros2_ws/install/bridge/lib/python3.12/site-packages/bridge/logic_node.py\", line 237, in detection_callback\n    contaminated = self.current_detection_state.position1.contaminated = data['position_1'].get('is_contaminated', False)\n                                                                         ~~~~^^^^^^^^^^^^^^\nKeyError: 'position_1'\n"}
{"timestamp": "2026-05-05T11:14:26.342708Z", "source": "logic_node", "code": "UNHANDLED_EXCEPTION", "message": "Error in detection_callback", "severity": "WARN", "details": "Traceback (most recent call last):\n  File \"/home/roberta/ros2_ws/install/bridge/lib/python3.12/site-packages/bridge/logic_node.py\", line 237, in detection_callback\n    contaminated = self.current_detection_state.position1.contaminated = data['position_1'].get('is_contaminated', False)\n                                                                         ~~~~^^^^^^^^^^^^^^\nKeyError: 'position_1'\n"}
{"timestamp": "2026-05-05T11:14:29.937784Z", "source": "logic_node", "code": "UNHANDLED_EXCEPTION", "message": "Error in detection_callback", "severity": "WARN", "details": "Traceback (most recent call last):\n  File \"/home/roberta/ros2_ws/install/bridge/lib/python3.12/site-packages/bridge/logic_node.py\", line 237, in detection_callback\n    contaminated = self.current_detection_state.position1.contaminated = data['position_1'].get('is_contaminated', False)\n                                                                         ~~~~^^^^^^^^^^^^^^\nKeyError: 'position_1'\n"}
{"timestamp": "2026-05-05T11:14:33.962326Z", "source": "logic_node", "code": "UNHANDLED_EXCEPTION", "message": "Error in detection_callback", "severity": "WARN", "details": "Traceback (most recent call last):\n  File \"/home/roberta/ros2_ws/install/bridge/lib/python3.12/site-packages/bridge/logic_node.py\", line 237, in detection_callback\n    contaminated = self.current_detection_state.position1.contaminated = data['position_1'].get('is_contaminated', False)\n                                                                         ~~~~^^^^^^^^^^^^^^\nKeyError: 'position_1'\n"}
{"timestamp": "2026-05-05T11:14:36.947251Z", "source": "logic_node", "code": "UNHANDLED_EXCEPTION", "message": "Error in detection_callback", "severity": "WARN", "details": "Traceback (most recent call last):\n  File \"/home/roberta/ros2_ws/install/bridge/lib/python3.12/site-packages/bridge/logic_node.py\", line 237, in detection_callback\n    contaminated = self.current_detection_state.position1.contaminated = data['position_1'].get('is_contaminated', False)\n                                                                         ~~~~^^^^^^^^^^^^^^\nKeyError: 'position_1'\n"}
{"timestamp": "2026-05-05T11:14:40.087350Z", "source": "logic_node", "code": "UNHANDLED_EXCEPTION", "message": "Error in detection_callback", "severity": "WARN", "details": "Traceback (most recent call last):\n  File \"/home/roberta/ros2_ws/install/bridge/lib/python3.12/site-packages/bridge/logic_node.py\", line 237, in detection_callback\n    contaminated = self.current_detection_state.position1.contaminated = data['position_1'].get('is_contaminated', False)\n                                                                         ~~~~^^^^^^^^^^^^^^\nKeyError: 'position_1'\n"}
{"timestamp": "2026-05-05T11:14:42.815588Z", "source": "logic_node", "code": "UNHANDLED_EXCEPTION", "message": "Error in detection_callback", "severity": "WARN", "details": "Traceback (most recent call last):\n  File \"/home/roberta/ros2_ws/install/bridge/lib/python3.12/site-packages/bridge/logic_node.py\", line 237, in detection_callback\n    contaminated = self.current_detection_state.position1.contaminated = data['position_1'].get('is_contaminated', False)\n                                                                         ~~~~^^^^^^^^^^^^^^\nKeyError: 'position_1'\n"}
{"timestamp": "2026-05-05T11:14:45.823591Z", "source": "logic_node", "code": "UNHANDLED_EXCEPTION", "message": "Error in detection_callback", "severity": "WARN", "details": "Traceback (most recent call last):\n  File \"/home/roberta/ros2_ws/install/bridge/lib/python3.12/site-packages/bridge/logic_node.py\", line 237, in detection_callback\n    contaminated = self.current_detection_state.position1.contaminated = data['position_1'].get('is_contaminated', False)\n                                                                         ~~~~^^^^^^^^^^^^^^\nKeyError: 'position_1'\n"}
{"timestamp": "2026-05-05T11:14:48.478148Z", "source": "logic_node", "code": "UNHANDLED_EXCEPTION", "message": "Error in detection_callback", "severity": "WARN", "details": "Traceback (most recent call last):\n  File \"/home/roberta/ros2_ws/install/bridge/lib/python3.12/site-packages/bridge/logic_node.py\", line 237, in detection_callback\n    contaminated = self.current_detection_state.position1.contaminated = data['position_1'].get('is_contaminated', False)\n                                                                         ~~~~^^^^^^^^^^^^^^\nKeyError: 'position_1'\n"}
{"timestamp": "2026-05-05T11:14:51.727767Z", "source": "logic_node", "code": "UNHANDLED_EXCEPTION", "message": "Error in detection_callback", "severity": "WARN", "details": "Traceback (most recent call last):\n  File \"/home/roberta/ros2_ws/install/bridge/lib/python3.12/site-packages/bridge/logic_node.py\", line 237, in detection_callback\n    contaminated = self.current_detection_state.position1.contaminated = data['position_1'].get('is_contaminated', False)\n                                                                         ~~~~^^^^^^^^^^^^^^\nKeyError: 'position_1'\n"}
{"timestamp": "2026-05-05T11:14:53.956656Z", "source": "logic_node", "code": "UNHANDLED_EXCEPTION", "message": "Error in detection_callback", "severity": "WARN", "details": "Traceback (most recent call last):\n  File \"/home/roberta/ros2_ws/install/bridge/lib/python3.12/site-packages/bridge/logic_node.py\", line 237, in detection_callback\n    contaminated = self.current_detection_state.position1.contaminated = data['position_1'].get('is_contaminated', False)\n                                                                         ~~~~^^^^^^^^^^^^^^\nKeyError: 'position_1'\n"}
{"timestamp": "2026-05-05T11:14:58.888346Z", "source": "logic_node", "code": "UNHANDLED_EXCEPTION", "message": "Error in detection_callback", "severity": "WARN", "details": "Traceback (most recent call last):\n  File \"/home/roberta/ros2_ws/install/bridge/lib/python3.12/site-packages/bridge/logic_node.py\", line 237, in detection_callback\n    contaminated = self.current_detection_state.position1.contaminated = data['position_1'].get('is_contaminated', False)\n                                                                         ~~~~^^^^^^^^^^^^^^\nKeyError: 'position_1'\n"}
{"timestamp": "2026-05-05T11:15:02.024648Z", "source": "logic_node", "code": "UNHANDLED_EXCEPTION", "message": "Error in detection_callback", "severity": "WARN", "details": "Traceback (most recent call last):\n  File \"/home/roberta/ros2_ws/install/bridge/lib/python3.12/site-packages/bridge/logic_node.py\", line 237, in detection_callback\n    contaminated = self.current_detection_state.position1.contaminated = data['position_1'].get('is_contaminated', False)\n                                                                         ~~~~^^^^^^^^^^^^^^\nKeyError: 'position_1'\n"}
{"timestamp": "2026-05-05T11:15:06.253406Z", "source": "logic_node", "code": "UNHANDLED_EXCEPTION", "message": "Error in detection_callback", "severity": "WARN", "details": "Traceback (most recent call last):\n  File \"/home/roberta/ros2_ws/install/bridge/lib/python3.12/site-packages/bridge/logic_node.py\", line 237, in detection_callback\n    contaminated = self.current_detection_state.position1.contaminated = data['position_1'].get('is_contaminated', False)\n                                                                         ~~~~^^^^^^^^^^^^^^\nKeyError: 'position_1'\n"}
{"timestamp": "2026-05-05T11:15:09.849820Z", "source": "logic_node", "code": "UNHANDLED_EXCEPTION", "message": "Error in detection_callback", "severity": "WARN", "details": "Traceback (most recent call last):\n  File \"/home/roberta/ros2_ws/install/bridge/lib/python3.12/site-packages/bridge/logic_node.py\", line 237, in detection_callback\n    contaminated = self.current_detection_state.position1.contaminated = data['position_1'].get('is_contaminated', False)\n                                                                         ~~~~^^^^^^^^^^^^^^\nKeyError: 'position_1'\n"}
{"timestamp": "2026-05-05T11:15:13.264044Z", "source": "logic_node", "code": "UNHANDLED_EXCEPTION", "message": "Error in detection_callback", "severity": "WARN", "details": "Traceback (most recent call last):\n  File \"/home/roberta/ros2_ws/install/bridge/lib/python3.12/site-packages/bridge/logic_node.py\", line 237, in detection_callback\n    contaminated = self.current_detection_state.position1.contaminated = data['position_1'].get('is_contaminated', False)\n                                                                         ~~~~^^^^^^^^^^^^^^\nKeyError: 'position_1'\n"}
{"timestamp": "2026-05-05T11:15:17.547050Z", "source": "logic_node", "code": "UNHANDLED_EXCEPTION", "message": "Error in detection_callback", "severity": "WARN", "details": "Traceback (most recent call last):\n  File \"/home/roberta/ros2_ws/install/bridge/lib/python3.12/site-packages/bridge/logic_node.py\", line 237, in detection_callback\n    contaminated = self.current_detection_state.position1.contaminated = data['position_1'].get('is_contaminated', False)\n                                                                         ~~~~^^^^^^^^^^^^^^\nKeyError: 'position_1'\n"}
{"timestamp": "2026-05-05T11:15:20.664457Z", "source": "logic_node", "code": "UNHANDLED_EXCEPTION", "message": "Error in detection_callback", "severity": "WARN", "details": "Traceback (most recent call last):\n  File \"/home/roberta/ros2_ws/install/bridge/lib/python3.12/site-packages/bridge/logic_node.py\", line 237, in detection_callback\n    contaminated = self.current_detection_state.position1.contaminated = data['position_1'].get('is_contaminated', False)\n                                                                         ~~~~^^^^^^^^^^^^^^\nKeyError: 'position_1'\n"}
{"timestamp": "2026-05-05T11:15:23.533938Z", "source": "logic_node", "code": "UNHANDLED_EXCEPTION", "message": "Error in detection_callback", "severity": "WARN", "details": "Traceback (most recent call last):\n  File \"/home/roberta/ros2_ws/install/bridge/lib/python3.12/site-packages/bridge/logic_node.py\", line 237, in detection_callback\n    contaminated = self.current_detection_state.position1.contaminated = data['position_1'].get('is_contaminated', False)\n                                                                         ~~~~^^^^^^^^^^^^^^\nKeyError: 'position_1'\n"}
{"timestamp": "2026-05-05T11:15:25.710190Z", "source": "logic_node", "code": "UNHANDLED_EXCEPTION", "message": "Error in detection_callback", "severity": "WARN", "details": "Traceback (most recent call last):\n  File \"/home/roberta/ros2_ws/install/bridge/lib/python3.12/site-packages/bridge/logic_node.py\", line 237, in detection_callback\n    contaminated = self.current_detection_state.position1.contaminated = data['position_1'].get('is_contaminated', False)\n                                                                         ~~~~^^^^^^^^^^^^^^\nKeyError: 'position_1'\n"}
{"timestamp": "2026-05-05T11:15:29.691153Z", "source": "logic_node", "code": "UNHANDLED_EXCEPTION", "message": "Error in detection_callback", "severity": "WARN", "details": "Traceback (most recent call last):\n  File \"/home/roberta/ros2_ws/install/bridge/lib/python3.12/site-packages/bridge/logic_node.py\", line 237, in detection_callback\n    contaminated = self.current_detection_state.position1.contaminated = data['position_1'].get('is_contaminated', False)\n                                                                         ~~~~^^^^^^^^^^^^^^\nKeyError: 'position_1'\n"}
{"timestamp": "2026-05-05T11:15:34.243804Z", "source": "logic_node", "code": "UNHANDLED_EXCEPTION", "message": "Error in detection_callback", "severity": "WARN", "details": "Traceback (most recent call last):\n  File \"/home/roberta/ros2_ws/install/bridge/lib/python3.12/site-packages/bridge/logic_node.py\", line 237, in detection_callback\n    contaminated = self.current_detection_state.position1.contaminated = data['position_1'].get('is_contaminated', False)\n                                                                         ~~~~^^^^^^^^^^^^^^\nKeyError: 'position_1'\n"}
{"timestamp": "2026-05-05T11:15:37.640754Z", "source": "logic_node", "code": "UNHANDLED_EXCEPTION", "message": "Error in detection_callback", "severity": "WARN", "details": "Traceback (most recent call last):\n  File \"/home/roberta/ros2_ws/install/bridge/lib/python3.12/site-packages/bridge/logic_node.py\", line 237, in detection_callback\n    contaminated = self.current_detection_state.position1.contaminated = data['position_1'].get('is_contaminated', False)\n                                                                         ~~~~^^^^^^^^^^^^^^\nKeyError: 'position_1'\n"}
{"timestamp": "2026-05-05T11:15:42.594650Z", "source": "logic_node", "code": "UNHANDLED_EXCEPTION", "message": "Error in detection_callback", "severity": "WARN", "details": "Traceback (most recent call last):\n  File \"/home/roberta/ros2_ws/install/bridge/lib/python3.12/site-packages/bridge/logic_node.py\", line 237, in detection_callback\n    contaminated = self.current_detection_state.position1.contaminated = data['position_1'].get('is_contaminated', False)\n                                                                         ~~~~^^^^^^^^^^^^^^\nKeyError: 'position_1'\n"}
{"timestamp": "2026-05-05T11:15:45.737615Z", "source": "logic_node", "code": "UNHANDLED_EXCEPTION", "message": "Error in detection_callback", "severity": "WARN", "details": "Traceback (most recent call last):\n  File \"/home/roberta/ros2_ws/install/bridge/lib/python3.12/site-packages/bridge/logic_node.py\", line 237, in detection_callback\n    contaminated = self.current_detection_state.position1.contaminated = data['position_1'].get('is_contaminated', False)\n                                                                         ~~~~^^^^^^^^^^^^^^\nKeyError: 'position_1'\n"}
{"timestamp": "2026-05-05T11:15:50.175619Z", "source": "logic_node", "code": "UNHANDLED_EXCEPTION", "message": "Error in detection_callback", "severity": "WARN", "details": "Traceback (most recent call last):\n  File \"/home/roberta/ros2_ws/install/bridge/lib/python3.12/site-packages/bridge/logic_node.py\", line 237, in detection_callback\n    contaminated = self.current_detection_state.position1.contaminated = data['position_1'].get('is_contaminated', False)\n                                                                         ~~~~^^^^^^^^^^^^^^\nKeyError: 'position_1'\n"}
{"timestamp": "2026-05-05T11:15:53.631618Z", "source": "logic_node", "code": "UNHANDLED_EXCEPTION", "message": "Error in detection_callback", "severity": "WARN", "details": "Traceback (most recent call last):\n  File \"/home/roberta/ros2_ws/install/bridge/lib/python3.12/site-packages/bridge/logic_node.py\", line 237, in detection_callback\n    contaminated = self.current_detection_state.position1.contaminated = data['position_1'].get('is_contaminated', False)\n                                                                         ~~~~^^^^^^^^^^^^^^\nKeyError: 'position_1'\n"}
{"timestamp": "2026-05-05T11:15:58.247029Z", "source": "logic_node", "code": "UNHANDLED_EXCEPTION", "message": "Error in detection_callback", "severity": "WARN", "details": "Traceback (most recent call last):\n  File \"/home/roberta/ros2_ws/install/bridge/lib/python3.12/site-packages/bridge/logic_node.py\", line 237, in detection_callback\n    contaminated = self.current_detection_state.position1.contaminated = data['position_1'].get('is_contaminated', False)\n                                                                         ~~~~^^^^^^^^^^^^^^\nKeyError: 'position_1'\n"}
{"timestamp": "2026-05-05T11:16:01.848742Z", "source": "logic_node", "code": "UNHANDLED_EXCEPTION", "message": "Error in detection_callback", "severity": "WARN", "details": "Traceback (most recent call last):\n  File \"/home/roberta/ros2_ws/install/bridge/lib/python3.12/site-packages/bridge/logic_node.py\", line 237, in detection_callback\n    contaminated = self.current_detection_state.position1.contaminated = data['position_1'].get('is_contaminated', False)\n                                                                         ~~~~^^^^^^^^^^^^^^\nKeyError: 'position_1'\n"}
{"timestamp": "2026-05-05T11:16:03.931903Z", "source": "logic_node", "code": "UNHANDLED_EXCEPTION", "message": "Error in detection_callback", "severity": "WARN", "details": "Traceback (most recent call last):\n  File \"/home/roberta/ros2_ws/install/bridge/lib/python3.12/site-packages/bridge/logic_node.py\", line 237, in detection_callback\n    contaminated = self.current_detection_state.position1.contaminated = data['position_1'].get('is_contaminated', False)\n                                                                         ~~~~^^^^^^^^^^^^^^\nKeyError: 'position_1'\n"}
{"timestamp": "2026-05-05T11:16:08.436660Z", "source": "logic_node", "code": "UNHANDLED_EXCEPTION", "message": "Error in detection_callback", "severity": "WARN", "details": "Traceback (most recent call last):\n  File \"/home/roberta/ros2_ws/install/bridge/lib/python3.12/site-packages/bridge/logic_node.py\", line 237, in detection_callback\n    contaminated = self.current_detection_state.position1.contaminated = data['position_1'].get('is_contaminated', False)\n                                                                         ~~~~^^^^^^^^^^^^^^\nKeyError: 'position_1'\n"}
{"timestamp": "2026-05-05T11:16:10.789168Z", "source": "logic_node", "code": "UNHANDLED_EXCEPTION", "message": "Error in detection_callback", "severity": "WARN", "details": "Traceback (most recent call last):\n  File \"/home/roberta/ros2_ws/install/bridge/lib/python3.12/site-packages/bridge/logic_node.py\", line 237, in detection_callback\n    contaminated = self.current_detection_state.position1.contaminated = data['position_1'].get('is_contaminated', False)\n                                                                         ~~~~^^^^^^^^^^^^^^\nKeyError: 'position_1'\n"}
{"timestamp": "2026-05-05T11:16:12.879735Z", "source": "logic_node", "code": "UNHANDLED_EXCEPTION", "message": "Error in detection_callback", "severity": "WARN", "details": "Traceback (most recent call last):\n  File \"/home/roberta/ros2_ws/install/bridge/lib/python3.12/site-packages/bridge/logic_node.py\", line 237, in detection_callback\n    contaminated = self.current_detection_state.position1.contaminated = data['position_1'].get('is_contaminated', False)\n                                                                         ~~~~^^^^^^^^^^^^^^\nKeyError: 'position_1'\n"}
{"timestamp": "2026-05-05T11:16:16.645521Z", "source": "logic_node", "code": "UNHANDLED_EXCEPTION", "message": "Error in detection_callback", "severity": "WARN", "details": "Traceback (most recent call last):\n  File \"/home/roberta/ros2_ws/install/bridge/lib/python3.12/site-packages/bridge/logic_node.py\", line 237, in detection_callback\n    contaminated = self.current_detection_state.position1.contaminated = data['position_1'].get('is_contaminated', False)\n                                                                         ~~~~^^^^^^^^^^^^^^\nKeyError: 'position_1'\n"}
{"timestamp": "2026-05-05T11:16:20.331477Z", "source": "logic_node", "code": "UNHANDLED_EXCEPTION", "message": "Error in detection_callback", "severity": "WARN", "details": "Traceback (most recent call last):\n  File \"/home/roberta/ros2_ws/install/bridge/lib/python3.12/site-packages/bridge/logic_node.py\", line 237, in detection_callback\n    contaminated = self.current_detection_state.position1.contaminated = data['position_1'].get('is_contaminated', False)\n                                                                         ~~~~^^^^^^^^^^^^^^\nKeyError: 'position_1'\n"}
{"timestamp": "2026-05-05T11:16:22.459741Z", "source": "logic_node", "code": "UNHANDLED_EXCEPTION", "message": "Error in detection_callback", "severity": "WARN", "details": "Traceback (most recent call last):\n  File \"/home/roberta/ros2_ws/install/bridge/lib/python3.12/site-packages/bridge/logic_node.py\", line 237, in detection_callback\n    contaminated = self.current_detection_state.position1.contaminated = data['position_1'].get('is_contaminated', False)\n                                                                         ~~~~^^^^^^^^^^^^^^\nKeyError: 'position_1'\n"}
{"timestamp": "2026-05-05T11:16:27.043104Z", "source": "logic_node", "code": "UNHANDLED_EXCEPTION", "message": "Error in detection_callback", "severity": "WARN", "details": "Traceback (most recent call last):\n  File \"/home/roberta/ros2_ws/install/bridge/lib/python3.12/site-packages/bridge/logic_node.py\", line 237, in detection_callback\n    contaminated = self.current_detection_state.position1.contaminated = data['position_1'].get('is_contaminated', False)\n                                                                         ~~~~^^^^^^^^^^^^^^\nKeyError: 'position_1'\n"}
{"timestamp": "2026-05-05T11:16:30.628189Z", "source": "logic_node", "code": "UNHANDLED_EXCEPTION", "message": "Error in detection_callback", "severity": "WARN", "details": "Traceback (most recent call last):\n  File \"/home/roberta/ros2_ws/install/bridge/lib/python3.12/site-packages/bridge/logic_node.py\", line 237, in detection_callback\n    contaminated = self.current_detection_state.position1.contaminated = data['position_1'].get('is_contaminated', False)\n                                                                         ~~~~^^^^^^^^^^^^^^\nKeyError: 'position_1'\n"}
{"timestamp": "2026-05-05T11:16:33.357912Z", "source": "logic_node", "code": "UNHANDLED_EXCEPTION", "message": "Error in detection_callback", "severity": "WARN", "details": "Traceback (most recent call last):\n  File \"/home/roberta/ros2_ws/install/bridge/lib/python3.12/site-packages/bridge/logic_node.py\", line 237, in detection_callback\n    contaminated = self.current_detection_state.position1.contaminated = data['position_1'].get('is_contaminated', False)\n                                                                         ~~~~^^^^^^^^^^^^^^\nKeyError: 'position_1'\n"}
{"timestamp": "2026-05-05T11:16:35.552972Z", "source": "logic_node", "code": "UNHANDLED_EXCEPTION", "message": "Error in detection_callback", "severity": "WARN", "details": "Traceback (most recent call last):\n  File \"/home/roberta/ros2_ws/install/bridge/lib/python3.12/site-packages/bridge/logic_node.py\", line 237, in detection_callback\n    contaminated = self.current_detection_state.position1.contaminated = data['position_1'].get('is_contaminated', False)\n                                                                         ~~~~^^^^^^^^^^^^^^\nKeyError: 'position_1'\n"}
{"timestamp": "2026-05-05T11:16:37.682455Z", "source": "logic_node", "code": "UNHANDLED_EXCEPTION", "message": "Error in detection_callback", "severity": "WARN", "details": "Traceback (most recent call last):\n  File \"/home/roberta/ros2_ws/install/bridge/lib/python3.12/site-packages/bridge/logic_node.py\", line 237, in detection_callback\n    contaminated = self.current_detection_state.position1.contaminated = data['position_1'].get('is_contaminated', False)\n                                                                         ~~~~^^^^^^^^^^^^^^\nKeyError: 'position_1'\n"}
{"timestamp": "2026-05-05T11:16:41.535072Z", "source": "logic_node", "code": "UNHANDLED_EXCEPTION", "message": "Error in detection_callback", "severity": "WARN", "details": "Traceback (most recent call last):\n  File \"/home/roberta/ros2_ws/install/bridge/lib/python3.12/site-packages/bridge/logic_node.py\", line 237, in detection_callback\n    contaminated = self.current_detection_state.position1.contaminated = data['position_1'].get('is_contaminated', False)\n                                                                         ~~~~^^^^^^^^^^^^^^\nKeyError: 'position_1'\n"}
{"timestamp": "2026-05-05T11:16:45.627871Z", "source": "logic_node", "code": "UNHANDLED_EXCEPTION", "message": "Error in detection_callback", "severity": "WARN", "details": "Traceback (most recent call last):\n  File \"/home/roberta/ros2_ws/install/bridge/lib/python3.12/site-packages/bridge/logic_node.py\", line 237, in detection_callback\n    contaminated = self.current_detection_state.position1.contaminated = data['position_1'].get('is_contaminated', False)\n                                                                         ~~~~^^^^^^^^^^^^^^\nKeyError: 'position_1'\n"}
{"timestamp": "2026-05-05T11:16:47.744351Z", "source": "logic_node", "code": "UNHANDLED_EXCEPTION", "message": "Error in detection_callback", "severity": "WARN", "details": "Traceback (most recent call last):\n  File \"/home/roberta/ros2_ws/install/bridge/lib/python3.12/site-packages/bridge/logic_node.py\", line 237, in detection_callback\n    contaminated = self.current_detection_state.position1.contaminated = data['position_1'].get('is_contaminated', False)\n                                                                         ~~~~^^^^^^^^^^^^^^\nKeyError: 'position_1'\n"}
{"timestamp": "2026-05-05T11:16:49.828504Z", "source": "logic_node", "code": "UNHANDLED_EXCEPTION", "message": "Error in detection_callback", "severity": "WARN", "details": "Traceback (most recent call last):\n  File \"/home/roberta/ros2_ws/install/bridge/lib/python3.12/site-packages/bridge/logic_node.py\", line 237, in detection_callback\n    contaminated = self.current_detection_state.position1.contaminated = data['position_1'].get('is_contaminated', False)\n                                                                         ~~~~^^^^^^^^^^^^^^\nKeyError: 'position_1'\n"}
{"timestamp": "2026-05-05T11:16:53.004286Z", "source": "logic_node", "code": "UNHANDLED_EXCEPTION", "message": "Error in detection_callback", "severity": "WARN", "details": "Traceback (most recent call last):\n  File \"/home/roberta/ros2_ws/install/bridge/lib/python3.12/site-packages/bridge/logic_node.py\", line 237, in detection_callback\n    contaminated = self.current_detection_state.position1.contaminated = data['position_1'].get('is_contaminated', False)\n                                                                         ~~~~^^^^^^^^^^^^^^\nKeyError: 'position_1'\n"}
{"details":"Rig connection established","severity":"NONE","code":"simulator_started","timestamp":"2026-05-05T11:21:16Z","message":"simulation started running","source":"CoppeliaSim"}
{"code":"simulator_started","message":"simulation started running","timestamp":"2026-05-05T11:21:51Z","source":"CoppeliaSim","details":"Rig connection established","severity":"NONE"}
{"timestamp": "2026-05-05T11:23:23.770330Z", "source": "logic_node", "code": "UNHANDLED_EXCEPTION", "message": "Error in detection_callback", "severity": "WARN", "details": "Traceback (most recent call last):\n  File \"/home/roberta/ros2_ws/install/bridge/lib/python3.12/site-packages/bridge/logic_node.py\", line 237, in detection_callback\n    contaminated = self.current_detection_state.position1.contaminated = data['position_1'].get('is_contaminated', False)\n                                                                         ~~~~^^^^^^^^^^^^^^\nKeyError: 'position_1'\n"}
{"timestamp": "2026-05-05T11:23:28.734544Z", "source": "logic_node", "code": "UNHANDLED_EXCEPTION", "message": "Error in detection_callback", "severity": "WARN", "details": "Traceback (most recent call last):\n  File \"/home/roberta/ros2_ws/install/bridge/lib/python3.12/site-packages/bridge/logic_node.py\", line 237, in detection_callback\n    contaminated = self.current_detection_state.position1.contaminated = data['position_1'].get('is_contaminated', False)\n                                                                         ~~~~^^^^^^^^^^^^^^\nKeyError: 'position_1'\n"}
{"timestamp": "2026-05-05T11:23:31.800842Z", "source": "logic_node", "code": "UNHANDLED_EXCEPTION", "message": "Error in detection_callback", "severity": "WARN", "details": "Traceback (most recent call last):\n  File \"/home/roberta/ros2_ws/install/bridge/lib/python3.12/site-packages/bridge/logic_node.py\", line 237, in detection_callback\n    contaminated = self.current_detection_state.position1.contaminated = data['position_1'].get('is_contaminated', False)\n                                                                         ~~~~^^^^^^^^^^^^^^\nKeyError: 'position_1'\n"}
{"timestamp": "2026-05-05T11:23:34.611104Z", "source": "logic_node", "code": "UNHANDLED_EXCEPTION", "message": "Error in detection_callback", "severity": "WARN", "details": "Traceback (most recent call last):\n  File \"/home/roberta/ros2_ws/install/bridge/lib/python3.12/site-packages/bridge/logic_node.py\", line 237, in detection_callback\n    contaminated = self.current_detection_state.position1.contaminated = data['position_1'].get('is_contaminated', False)\n                                                                         ~~~~^^^^^^^^^^^^^^\nKeyError: 'position_1'\n"}
{"code":"simulator_started","message":"simulation started running","timestamp":"2026-05-05T11:30:14Z","source":"CoppeliaSim","details":"Rig connection established","severity":"NONE"}
{"source":"CoppeliaSim","details":"Rig connection established","timestamp":"2026-05-05T13:43:06Z","message":"simulation started running","severity":"NONE","code":"simulator_started"}
{"timestamp":"2026-05-05T14:25:15Z","severity":"NONE","code":"simulator_started","message":"simulation started running","details":"Rig connection established","source":"CoppeliaSim"}
{"severity":"NONE","source":"CoppeliaSim","timestamp":"2026-05-06T14:30:59Z","details":"Rig connection established","message":"simulation started running","code":"simulator_started"}
{"details":"Rig connection established","message":"simulation started running","severity":"NONE","source":"CoppeliaSim","timestamp":"2026-05-06T14:50:33Z","code":"simulator_started"}
